=== 1. phase null: does the lattice origin matter? ===
  R             n  exp_pts         t   phase null (20 origins)     
  123        6398     1.35      9.12   mean   1.14  sd  0.13  z +1.58  rank  2/20
  156        5646     1.81      9.09   mean   1.56  sd  0.17  z +1.49  rank  2/20
  197        4978     1.81      6.74   mean   1.66  sd  0.35  z +0.45  rank  5/20
  243        4291     1.58      4.44   mean   1.50  sd  0.29  z +0.27  rank 10/20
  729        1567     0.24      0.15   mean  -0.20  sd  1.61  z +0.27  rank  8/20

=== 2. per year ===
  R         year       n    win%  exp_pts       t    total
  123       2010      14   57.1%     0.37    0.13        5
  123       2011      51   37.3%    -2.75   -1.89     -140
  123       2012      47   46.8%    -1.09   -0.77      -51
  123       2013     106   50.0%     0.32    0.33       34
  123       2014     146   45.2%    -2.27   -2.53     -331
  123       2015     234   47.4%    -0.60   -0.81     -140
  123       2016     250   52.8%    -0.26   -0.35      -64
  123       2017     199   51.8%    -0.59   -0.73     -118
  123       2018     429   52.0%    -0.36   -0.62     -154
  123       2019     357   51.8%    -0.62   -0.96     -220
  123       2020     636   60.4%     1.59    3.35     1012
  123       2021     630   60.8%     1.66    3.48     1049
  123       2022     742   67.8%     3.38    8.00     2505
  123       2023     691   64.8%     2.66    5.96     1841
  123       2024     708   64.4%     2.56    5.79     1813
  123       2025     712   60.8%     1.66    3.69     1182
  123       2026     446   57.8%     0.93    1.62      415
  156       2010      11   72.7%     3.34    1.78       37
  156       2011      34   38.2%    -2.72   -1.17      -93
  156       2012      69   39.1%    -2.97   -2.14     -205
  156       2013      89   51.7%    -0.36   -0.30      -32
  156       2014     124   44.4%    -3.16   -2.63     -391
  156       2015     206   47.6%    -0.56   -0.59     -116
  156       2016     162   52.5%     0.08    0.08       13
  156       2017     150   47.3%    -0.98   -0.89     -147
  156       2018     320   57.2%     1.41    1.67      452
  156       2019     296   51.0%    -0.53   -0.60     -158
  156       2020     545   59.6%     2.12    3.25     1154
  156       2021     573   60.7%     2.42    3.82     1384
  156       2022     708   64.3%     3.43    6.11     2431
  156       2023     597   57.5%     1.36    2.16      813
  156       2024     642   63.1%     3.08    5.18     1979
  156       2025     684   63.3%     3.17    5.52     2172
  156       2026     436   59.9%     2.08    2.83      906
  197       2010       6   50.0%    -0.67   -0.13       -4
  197       2011      25   36.0%    -2.31   -0.80      -58
  197       2012      27   44.4%    -3.91   -1.12     -106
  197       2013      66   42.4%    -1.29   -0.75      -85
  197       2014      69   56.5%     3.46    1.76      238
  197       2015     151   47.0%    -2.30   -1.64     -347
  197       2016     164   49.4%    -1.07   -0.77     -175
  197       2017     128   51.6%    -0.18   -0.12      -23
  197       2018     324   54.0%     0.67    0.63      217
  197       2019     241   45.6%    -2.09   -1.70     -503
  197       2020     488   57.8%     2.04    2.32      995
  197       2021     486   56.0%     1.47    1.68      716
  197       2022     663   62.6%     3.91    5.28     2589
  197       2023     528   56.8%     1.71    2.02      901
  197       2024     556   57.6%     2.09    2.54     1160
  197       2025     635   60.5%     3.14    4.12     1996
  197       2026     421   61.8%     3.59    3.85     1513
  243       2010       6   66.7%    -0.42   -0.56       -2
  243       2011      14   57.1%     3.01    0.57       42
  243       2012      28   46.4%    -2.87   -1.06      -80
  243       2013      27   59.3%     1.92    0.67       52
  243       2014      71   59.2%     3.49    1.60      248
  243       2015     131   48.9%     0.15    0.08       20
  243       2016     110   47.3%    -2.31   -1.30     -254
  243       2017     112   40.2%    -3.57   -2.21     -400
  243       2018     230   45.7%    -2.88   -1.88     -662
  243       2019     187   44.9%    -3.10   -1.96     -581
  243       2020     431   49.0%    -1.37   -1.19     -591
  243       2021     407   54.8%     1.25    1.04      507
  243       2022     613   57.6%     2.78    2.87     1703
  243       2023     470   55.1%     1.60    1.45      751
  243       2024     496   53.6%     0.80    0.74      397
  243       2025     567   62.6%     5.12    5.20     2903
  243       2026     391   66.2%     6.92    5.97     2708
  729       2010       6   66.7%    -0.42   -0.56       -2
  729       2011      11   63.6%     9.91    1.23      109
  729       2013      14   71.4%     5.66    0.85       79
  729       2014      28   60.7%     3.58    0.77      100
  729       2015      47   42.6%    -3.78   -1.14     -178
  729       2016      35   45.7%    -2.22   -0.39      -78
  729       2017      34   38.2%   -11.86   -2.45     -403
  729       2018      80   53.8%     3.24    0.52      260
  729       2019      35   34.3%    -7.88   -1.56     -276
  729       2020     145   43.4%    -6.93   -1.26    -1004
  729       2021     126   53.2%     2.56    0.44      322
  729       2022     241   51.0%     1.24    0.27      299
  729       2023     178   49.4%    -1.55   -0.34     -276
  729       2024     171   51.5%    -1.47   -0.29     -252
  729       2025     244   53.3%     2.65    0.60      647
  729       2026     172   53.5%     5.97    1.11     1027

=== 3. cost sensitivity (points round trip) ===
  R            0.5      1.0      2.0      3.0
  123         1.85    1.35    0.35   -0.65
  156         2.31    1.81    0.81   -0.19
  197         2.31    1.81    0.81   -0.19
  243         2.08    1.58    0.58   -0.42
  729         0.74    0.24   -0.76   -1.76

=== 4. random-time control (level replaced by a random bar) ===
  R        lvl exp    lvl t   rand exp   rand t
  123         1.35     9.12      -1.37   -11.26
  156         1.81     9.09      -0.84    -5.63
  197         1.81     6.74      -1.28    -7.01
  243         1.58     4.44      -1.13    -5.25
  729         0.24     0.15      -2.04    -4.25

=== 5. R scaled to trailing 20-day median range ===
  f         med R       n    win%  exp_pts       t   per-year exp_pts
  0.25         27    5670   49.6%    -1.04  -12.80   2010:  +nan  2011:  +nan  2012:  +nan  2013:  +nan  2014:  +nan  2015: -0.15  2016: -0.98  2017:  +nan  2018: -0.83  2019: -0.76  2020: -0.33  2021: -1.14  2022: -0.82  2023: -0.76  2024: -1.51  2025: -1.19  2026: -2.19
  0.40         43    6967   63.2%     1.01    9.83   2010:  +nan  2011:  +nan  2012:  +nan  2013:  +nan  2014: -0.00  2015: -0.08  2016: -0.30  2017: -0.35  2018: +0.39  2019: -0.32  2020: +0.75  2021: +1.04  2022: +2.54  2023: +1.09  2024: +1.15  2025: +1.72  2026: +2.36
  0.50         53    7700   63.8%     1.35   11.71   2010:  +nan  2011: -0.28  2012: -0.32  2013:  +nan  2014: -0.22  2015: -0.26  2016: -0.09  2017: -0.25  2018: +0.32  2019: +0.35  2020: +1.41  2021: +1.31  2022: +2.97  2023: +2.12  2024: +2.00  2025: +2.40  2026: +3.32
  0.60         64    7954   62.3%     1.40   10.67   2010:  +nan  2011: -0.37  2012: -0.57  2013: -0.53  2014: -0.47  2015: -0.38  2016: +0.06  2017: -0.42  2018: +0.61  2019: +0.08  2020: +2.07  2021: +1.79  2022: +2.87  2023: +1.97  2024: +2.22  2025: +2.89  2026: +4.26
  0.75         80    8107   59.4%     1.10    7.13   2010:  +nan  2011: -0.33  2012: -0.77  2013: -0.69  2014: -0.50  2015: -0.14  2016: -0.22  2017: -0.35  2018: +0.41  2019: +0.28  2020: +1.13  2021: +2.68  2022: +1.59  2023: +0.67  2024: +2.72  2025: +3.00  2026: +5.47
  1.00        107    7515   56.0%     0.51    2.46   2010: -0.90  2011: -0.95  2012: -0.57  2013: -0.63  2014: -0.59  2015: -0.29  2016: -0.29  2017: -0.35  2018: +0.29  2019: -0.25  2020: +1.31  2021: +0.48  2022: -1.02  2023: +1.46  2024: +2.04  2025: +1.50  2026: +5.93
  1.50        160    5398   51.6%    -0.13   -0.37   2010: -0.24  2011: -1.15  2012: -0.93  2013: -0.82  2014: -0.88  2015: -0.46  2016: -0.55  2017: -0.82  2018: -0.11  2019: -0.69  2020: -1.07  2021: -0.11  2022: -1.45  2023: -0.61  2024: +0.72  2025: +2.40  2026: +4.20

wrote deep.json
