=== 1. fill realism: require PEN points through the level ===
  config         pen       n   win%  exp_pts       t    total
  fixed R=197    0.0    4978  56.8%     1.81    6.74     9025
  fixed R=197    1.0    4853  54.1%     0.74    2.69     3590
  fixed R=197    2.0    4630  51.8%    -0.22   -0.76    -1004
  fixed R=197    3.0    4382  49.2%    -1.25   -4.24    -5456
  fixed R=197    5.0    3918  44.1%    -3.24  -10.43   -12696

  vol f=0.50     0.0    7700  63.8%     1.35   11.71    10370
  vol f=0.50     1.0    7590  54.1%     0.31    2.64     2373
  vol f=0.50     2.0    7305  43.6%    -0.85   -6.87    -6213
  vol f=0.50     3.0    6820  36.5%    -1.90  -14.44   -12940
  vol f=0.50     5.0    5775  30.4%    -3.52  -23.55   -20313

  vol f=0.60     0.0    7954  62.3%     1.40   10.67    11098
  vol f=0.60     1.0    7758  51.9%     0.17    1.27     1331
  vol f=0.60     2.0    7278  43.2%    -0.95   -6.60    -6939
  vol f=0.60     3.0    6594  37.8%    -1.80  -11.41   -11881
  vol f=0.60     5.0    5478  32.7%    -3.55  -19.27   -19425

=== 2. time of day (vol f=0.60, pen=2) ===
  window               n   win%  exp_pts       t
  09:30-10:30       3293  46.3%    -0.22   -1.01
  10:30-11:30       2264  43.8%    -0.77   -2.93
  11:30-13:00       2422  42.2%    -1.49   -5.69
  13:00-14:30       2309  41.9%    -1.82   -6.78
  14:30-16:00       2567  43.7%    -0.90   -3.63

=== 3. recommended: vol f=0.60, pen=2, RTH ===
  exp_R        -0.2990
  exp_gross    0.0465
  exp_pts      -0.9535
  max_dd       7891.1300
  med_bars     1.0000
  n            7278
  p_stop       0.5661
  p_target     0.4312
  p_timeout    0.0027
  pf           0.8334
  risk_pts     2.0025
  sd           12.3174
  t_stat       -6.6038
  total_pts    -6939.2925
  win_rate     0.4320

  per year:
    2011  n=21    win 9.5%  exp -3.01  t -8.81  total -63
    2012  n=14    win 0.0%  exp -3.10  t -70.48  total -43
    2013  n=40    win 7.5%  exp -2.85  t -15.36  total -114
    2014  n=227   win 15.4%  exp -2.78  t -21.02  total -632
    2015  n=481   win 27.4%  exp -2.33  t -17.34  total -1119
    2016  n=463   win 24.2%  exp -2.34  t -17.00  total -1084
    2017  n=340   win 20.0%  exp -2.55  t -21.08  total -867
    2018  n=648   win 37.8%  exp -2.09  t -8.76  total -1353
    2019  n=611   win 35.8%  exp -2.25  t -11.06  total -1372
    2020  n=666   win 51.4%  exp -0.30  t -0.63  total -200
    2021  n=652   win 50.5%  exp -0.74  t -1.71  total -480
    2022  n=684   win 54.2%  exp +0.48  t +0.71  total +328
    2023  n=679   win 49.2%  exp -1.06  t -2.36  total -719
    2024  n=686   win 53.2%  exp -0.21  t -0.40  total -143
    2025  n=648   win 54.3%  exp +0.34  t +0.48  total +221
    2026  n=418   win 56.2%  exp +1.67  t +1.50  total +700

wrote fill.json
