precomputing ATR, rolling extremes, candle runs, HTF FVGs ...
  HTF FVG coverage: 43.7% of bars
  RTH bars: 1,379,701
  R=81   EXT_0_100   any     none   n=9788   win 0.493  EV -0.015R  null -0.002  z=-1.37
  R=81   EXT_0_100   any     cisd   n=4758   win 0.497  EV -0.006R  null -0.005  z=-0.08
  R=81   EXT_0_100   sweep   none   n=3808   win 0.494  EV -0.013R  null -0.003  z=-0.72
  R=81   EXT_0_100   sweep   cisd   n=1519   win 0.481  EV -0.039R  null -0.018  z=-0.89
  R=81   EXT_0_100   fvg     none   n=3783   win 0.497  EV -0.006R  null -0.007  z=+0.05
  R=81   EXT_0_100   fvg     cisd   n=1849   win 0.511  EV +0.021R  null +0.011  z=+0.48
  R=81   EXT_0_100   either  none   n=6126   win 0.496  EV -0.008R  null -0.000  z=-0.53
  R=81   EXT_0_100   either  cisd   n=2789   win 0.501  EV +0.002R  null -0.003  z=+0.27
  R=81   EQ_50       any     none   n=9669   win 0.509  EV +0.017R  null -0.004  z=+2.51
  R=81   EQ_50       any     cisd   n=4841   win 0.489  EV -0.022R  null -0.004  z=-1.13
  R=81   EQ_50       sweep   none   n=3782   win 0.515  EV +0.030R  null -0.005  z=+3.01
  R=81   EQ_50       sweep   cisd   n=1579   win 0.486  EV -0.028R  null -0.019  z=-0.41
  R=81   EQ_50       fvg     none   n=3730   win 0.505  EV +0.010R  null -0.007  z=+0.83
  R=81   EQ_50       fvg     cisd   n=1855   win 0.493  EV -0.015R  null +0.013  z=-1.41
  R=81   EQ_50       either  none   n=6060   win 0.513  EV +0.027R  null -0.002  z=+2.44
  R=81   EQ_50       either  cisd   n=2848   win 0.490  EV -0.020R  null -0.002  z=-1.04
  R=81   FV_29_71    any     none   n=12651  win 0.499  EV -0.002R  null -0.002  z=+0.00
  R=81   FV_29_71    any     cisd   n=6530   win 0.498  EV -0.003R  null -0.013  z=+0.97
  R=81   FV_29_71    sweep   none   n=3841   win 0.497  EV -0.006R  null -0.004  z=-0.13
  R=81   FV_29_71    sweep   cisd   n=1627   win 0.495  EV -0.009R  null -0.033  z=+1.14
  R=81   FV_29_71    fvg     none   n=4809   win 0.482  EV -0.036R  null -0.003  z=-2.47
  R=81   FV_29_71    fvg     cisd   n=2404   win 0.505  EV +0.009R  null +0.002  z=+0.36
  R=81   FV_29_71    either  none   n=7104   win 0.493  EV -0.013R  null +0.000  z=-1.13
  R=81   FV_29_71    either  cisd   n=3422   win 0.499  EV -0.003R  null -0.011  z=+0.57
  R=81   GIP_17_83   any     none   n=12532  win 0.502  EV +0.004R  null -0.004  z=+0.86
  R=81   GIP_17_83   any     cisd   n=6544   win 0.497  EV -0.006R  null -0.014  z=+0.72
  R=81   GIP_17_83   sweep   none   n=3808   win 0.509  EV +0.018R  null -0.009  z=+1.77
  R=81   GIP_17_83   sweep   cisd   n=1636   win 0.496  EV -0.009R  null -0.031  z=+1.06
  R=81   GIP_17_83   fvg     none   n=4812   win 0.511  EV +0.022R  null -0.010  z=+1.87
  R=81   GIP_17_83   fvg     cisd   n=2450   win 0.510  EV +0.020R  null +0.001  z=+1.13
  R=81   GIP_17_83   either  none   n=7126   win 0.509  EV +0.018R  null -0.005  z=+1.93
  R=81   GIP_17_83   either  cisd   n=3459   win 0.507  EV +0.015R  null -0.013  z=+2.08
  R=243  EXT_0_100   any     none   n=4730   win 0.497  EV -0.006R  null -0.008  z=+0.17
  R=243  EXT_0_100   any     cisd   n=2125   win 0.505  EV +0.011R  null -0.016  z=+1.21
  R=243  EXT_0_100   sweep   none   n=2381   win 0.489  EV -0.021R  null -0.007  z=-0.77
  R=243  EXT_0_100   sweep   cisd   n=886    win 0.506  EV +0.011R  null -0.025  z=+1.28
  R=243  EXT_0_100   fvg     none   n=1936   win 0.485  EV -0.030R  null -0.019  z=-0.61
  R=243  EXT_0_100   fvg     cisd   n=841    win 0.534  EV +0.068R  null -0.005  z=+1.69
  R=243  EXT_0_100   either  none   n=3343   win 0.495  EV -0.010R  null -0.009  z=-0.08
  R=243  EXT_0_100   either  cisd   n=1380   win 0.517  EV +0.035R  null -0.014  z=+1.66
  R=243  EQ_50       any     none   n=4762   win 0.497  EV -0.005R  null -0.008  z=+0.29
  R=243  EQ_50       any     cisd   n=2213   win 0.501  EV +0.002R  null -0.016  z=+0.80
  R=243  EQ_50       sweep   none   n=2384   win 0.496  EV -0.008R  null -0.008  z=+0.01
  R=243  EQ_50       sweep   cisd   n=969    win 0.505  EV +0.009R  null -0.025  z=+1.20
  R=243  EQ_50       fvg     none   n=1837   win 0.507  EV +0.014R  null -0.021  z=+2.03
  R=243  EQ_50       fvg     cisd   n=831    win 0.510  EV +0.020R  null -0.003  z=+0.50
  R=243  EQ_50       either  none   n=3334   win 0.500  EV +0.001R  null -0.009  z=+0.67
  R=243  EQ_50       either  cisd   n=1446   win 0.501  EV +0.003R  null -0.013  z=+0.49
  R=243  FV_29_71    any     none   n=7799   win 0.489  EV -0.021R  null -0.005  z=-1.54
  R=243  FV_29_71    any     cisd   n=3647   win 0.473  EV -0.054R  null -0.015  z=-2.31
  R=243  FV_29_71    sweep   none   n=3436   win 0.492  EV -0.016R  null -0.004  z=-0.82
  R=243  FV_29_71    sweep   cisd   n=1405   win 0.456  EV -0.089R  null -0.024  z=-2.85
  R=243  FV_29_71    fvg     none   n=2995   win 0.494  EV -0.012R  null -0.017  z=+0.22
  R=243  FV_29_71    fvg     cisd   n=1381   win 0.481  EV -0.038R  null -0.002  z=-1.34
  R=243  FV_29_71    either  none   n=5149   win 0.492  EV -0.017R  null -0.005  z=-1.01
  R=243  FV_29_71    either  cisd   n=2257   win 0.471  EV -0.059R  null -0.014  z=-2.13
  R=243  GIP_17_83   any     none   n=7551   win 0.497  EV -0.006R  null -0.006  z=-0.03
  R=243  GIP_17_83   any     cisd   n=3596   win 0.486  EV -0.028R  null -0.015  z=-0.93
  R=243  GIP_17_83   sweep   none   n=3303   win 0.499  EV -0.002R  null -0.004  z=+0.18
  R=243  GIP_17_83   sweep   cisd   n=1330   win 0.465  EV -0.069R  null -0.022  z=-2.16
  R=243  GIP_17_83   fvg     none   n=2965   win 0.488  EV -0.025R  null -0.011  z=-0.73
  R=243  GIP_17_83   fvg     cisd   n=1395   win 0.481  EV -0.038R  null +0.004  z=-2.11
  R=243  GIP_17_83   either  none   n=5031   win 0.499  EV -0.003R  null -0.004  z=+0.12
  R=243  GIP_17_83   either  cisd   n=2262   win 0.477  EV -0.047R  null -0.012  z=-2.55
  R=729  EXT_0_100   any     none   n=1923   win 0.502  EV +0.004R  null -0.012  z=+0.56
  R=729  EXT_0_100   any     cisd   n=909    win 0.512  EV +0.023R  null -0.009  z=+1.20
  R=729  EXT_0_100   sweep   none   n=947    win 0.502  EV +0.003R  null -0.017  z=+0.58
  R=729  EXT_0_100   sweep   cisd   n=389    win 0.481  EV -0.039R  null -0.023  z=-0.31
  R=729  EXT_0_100   fvg     none   n=770    win 0.496  EV -0.008R  null -0.028  z=+0.52
  R=729  EXT_0_100   fvg     cisd   n=350    win 0.543  EV +0.086R  null +0.016  z=+1.31
  R=729  EXT_0_100   either  none   n=1335   win 0.495  EV -0.010R  null -0.015  z=+0.15
  R=729  EXT_0_100   either  cisd   n=577    win 0.516  EV +0.033R  null -0.007  z=+0.99
  R=729  EQ_50       any     none   n=1896   win 0.488  EV -0.023R  null -0.010  z=-0.48
  R=729  EQ_50       any     cisd   n=862    win 0.502  EV +0.005R  null -0.008  z=+0.47
  R=729  EQ_50       sweep   none   n=935    win 0.509  EV +0.018R  null -0.017  z=+1.06
  R=729  EQ_50       sweep   cisd   n=366    win 0.497  EV -0.005R  null -0.025  z=+0.37
  R=729  EQ_50       fvg     none   n=800    win 0.460  EV -0.080R  null -0.024  z=-1.56
  R=729  EQ_50       fvg     cisd   n=373    win 0.512  EV +0.024R  null +0.020  z=+0.08
  R=729  EQ_50       either  none   n=1360   win 0.487  EV -0.026R  null -0.014  z=-0.41
  R=729  EQ_50       either  cisd   n=602    win 0.495  EV -0.010R  null -0.004  z=-0.14
  R=729  FV_29_71    any     none   n=3404   win 0.504  EV +0.007R  null -0.007  z=+0.77
  R=729  FV_29_71    any     cisd   n=1600   win 0.489  EV -0.021R  null -0.006  z=-0.63
  R=729  FV_29_71    sweep   none   n=1731   win 0.507  EV +0.014R  null -0.004  z=+0.88
  R=729  FV_29_71    sweep   cisd   n=680    win 0.475  EV -0.050R  null -0.017  z=-0.74
  R=729  FV_29_71    fvg     none   n=1386   win 0.496  EV -0.009R  null -0.021  z=+0.41
  R=729  FV_29_71    fvg     cisd   n=662    win 0.483  EV -0.033R  null +0.018  z=-1.37
  R=729  FV_29_71    either  none   n=2437   win 0.504  EV +0.009R  null -0.007  z=+0.73
  R=729  FV_29_71    either  cisd   n=1072   win 0.486  EV -0.028R  null -0.005  z=-0.74
  R=729  GIP_17_83   any     none   n=3512   win 0.479  EV -0.042R  null -0.013  z=-2.05
  R=729  GIP_17_83   any     cisd   n=1559   win 0.497  EV -0.006R  null -0.018  z=+0.52
  R=729  GIP_17_83   sweep   none   n=1751   win 0.475  EV -0.051R  null -0.007  z=-2.59
  R=729  GIP_17_83   sweep   cisd   n=663    win 0.502  EV +0.005R  null -0.033  z=+0.83
  R=729  GIP_17_83   fvg     none   n=1348   win 0.471  EV -0.058R  null -0.025  z=-1.58
  R=729  GIP_17_83   fvg     cisd   n=569    win 0.490  EV -0.019R  null +0.003  z=-0.63
  R=729  GIP_17_83   either  none   n=2441   win 0.470  EV -0.059R  null -0.011  z=-3.39
  R=729  GIP_17_83   either  cisd   n=990    win 0.488  EV -0.024R  null -0.017  z=-0.23

96 cells -> setup.json
