zigzag 0.25%  ->  81,778 major swings
zigzag 0.50%  ->  22,336 major swings
zigzag 1.00%  ->  5,982 major swings
zigzag 2.00%  ->  1,645 major swings
fractal k=60   ->  42,652 swings
fractal k=120  ->  21,590 swings
fractal k=240  ->  11,246 swings
fractal k=480  ->  5,731 swings

swing def      R      zone              n     rate     null       z    rank z_occ_adj
fractal k=480  2187   EXT_97_100     5731  0.0838   0.0596   +2.27    4/60     -0.46
fractal k=120  2187   EXT_97_100    21590  0.0843   0.0596   +2.27    4/60     -0.44
fractal k=60   2187   EXT_97_100    42652  0.0843   0.0595   +2.27    3/60     -0.43
fractal k=240  2187   EXT_97_100    11246  0.0822   0.0595   +2.15    4/60     -1.27
zigzag 0.25%   2187   EXT_97_100    81778  0.0878   0.0595   +2.14    2/60     +0.39
zigzag 1.00%   2187   EXT_97_100     5982  0.0864   0.0595   +1.82    3/60     +0.17
zigzag 0.50%   2187   EXT_97_100    22336  0.0826   0.0596   +1.74    2/60     -0.40
zigzag 2.00%   2187   EXT_97_100     1645  0.0821   0.0594   +1.48    6/60     -0.32
zigzag 2.00%   2187   GIP_17_83      1645  0.0687   0.0599   +0.93   11/60     +1.89
zigzag 0.50%   243    EQ_47_53      22336  0.0616   0.0599   +0.91   13/60     +2.02
zigzag 1.00%   243    EQ_47_53       5982  0.0622   0.0597   +0.72   19/60     +1.90
fractal k=120  243    GIP_17_83     21590  0.0612   0.0601   +0.68   17/60     -0.72
zigzag 2.00%   243    GIP_17_83      1645  0.0638   0.0599   +0.68   17/60     +0.21
fractal k=240  243    FV_29_71      11246  0.0620   0.0601   +0.61   16/60     -0.47

128 cells   z from -2.17 to +2.27   |z|>3: 0
wrote majorswing.json
