=== can R=81 even be resolved? ===
  era          med close    med bar bar as %% of R bars per block   zone / bar
  2010-2014         3031       1.2p        1.5%          64.8         1.94
  2015-2019         5852       2.2p        2.8%          36.0         1.08
  2020-2022        12592       8.8p       10.8%           9.3         0.28
  2023-2026        20008      10.2p       12.7%           7.9         0.24

=== respect: does price stop at an R=81 level? ===
  era           touches median pen       null in points  signed z
  2010-2014      24,207     0.0423     0.0423      3.4p     -0.05
  2015-2019      87,570     0.1000     0.1010      8.1p     +2.82
  2020-2022     158,636     0.2932     0.2932     23.8p     -0.11
  2023-2026     209,619     0.3331     0.3335     27.0p     +1.20

=== major swings in the named zones, R=81 ===
  era         zone                n     rate     null        z z_occ_adj
  2010-2014   EXT_97_100       2407   0.0561   0.0599    -0.74    -0.58
  2010-2014   EQ_47_53         2407   0.0619   0.0598    +0.41    +0.62
  2010-2014   FV_29_71         2407   0.0548   0.0607    -0.99    +0.28
  2010-2014   GIP_17_83        2407   0.0565   0.0592    -0.48    +0.24
  2015-2019   EXT_97_100       5362   0.0578   0.0600    -0.54    -1.86
  2015-2019   EQ_47_53         5362   0.0576   0.0600    -0.58    -0.19
  2015-2019   FV_29_71         5362   0.0502   0.0607    -3.06    -0.84
  2015-2019   GIP_17_83        5362   0.0617   0.0592    +0.65    +1.91
  2020-2022   EXT_97_100       9152   0.0578   0.0599    -0.64    -0.16
  2020-2022   EQ_47_53         9152   0.0550   0.0600    -1.53    -1.43
  2020-2022   FV_29_71         9152   0.0577   0.0604    -0.68    +0.92
  2020-2022   GIP_17_83        9152   0.0533   0.0594    -1.64    -0.76
  2023-2026   EXT_97_100       5414   0.0573   0.0599    -0.72    -0.36
  2023-2026   EQ_47_53         5414   0.0565   0.0599    -0.93    -1.06
  2023-2026   FV_29_71         5414   0.0536   0.0607    -1.64    -0.61
  2023-2026   GIP_17_83        5414   0.0523   0.0594    -2.17    -0.92

=== block-boundary sweep and reverse, R=81 ===
  era          crossings    reverse       null         z
  2010-2014        1,800     0.8722     0.8743     -0.19
  2015-2019        7,422     0.9101     0.9147     -0.98
  2020-2022       13,151     0.9161     0.9208     -1.94
  2023-2026       17,421     0.9174     0.9231     -2.12

wrote po3_81.json
